../Core/Src/file_handling.c:28:5:bufsize	24	static
../Core/Src/file_handling.c:36:6:clear_buffer	16	static
../Core/Src/file_handling.c:42:6:clear_path	16	static
../Core/Src/file_handling.c:48:5:cmdlength	24	static
../Core/Src/file_handling.c:55:6:get_path	24	static
../Core/Src/file_handling.c:70:9:mount_sd	8	static
../Core/Src/file_handling.c:80:6:unmount_sd	8	static
../Core/Src/file_handling.c:90:9:scan_files	88	static
../Core/Src/file_handling.c:130:12:write_file	16	static
../Core/Src/file_handling.c:204:12:read_file	16	static
../Core/Src/file_handling.c:279:12:create_file	16	static
../Core/Src/file_handling.c:328:12:remove_file	16	static
../Core/Src/file_handling.c:367:6:create_dir	16	static
../Core/Src/file_handling.c:382:6:check_sd	8	static
../Core/Src/file_handling.c:395:12:check_file	40	static
../Core/Src/file_handling.c:441:12:update_file	16	static
../Core/Src/file_handling.c:513:9:Format_SD	64	static
