../Core/Src/main.c:89:5:_write	24	static
../Core/Src/main.c:94:6:HAL_UART_RxCpltCallback	24	static,ignoring_inline_asm
../Core/Src/main.c:111:6:HAL_UARTEx_RxEventCallback	24	static,ignoring_inline_asm
../Core/Src/main.c:122:6:enableINT	8	static
../Core/Src/main.c:132:6:enableHardware	16	static
../Core/Src/main.c:171:6:checkSensorHealth	4	static
../Core/Src/main.c:202:6:HeartBeat	32	static
../Core/Src/main.c:210:6:findFlightState	8	static
../Core/Src/main.c:357:6:sendTelem	600	static
../Core/Src/main.c:435:6:saveToSD	16	static
../Core/Src/main.c:451:6:PID	32	static
../Core/Src/main.c:488:5:main	8	static,ignoring_inline_asm
../Core/Src/main.c:560:6:SystemClock_Config	128	static
../Core/Src/main.c:630:6:PeriphCommonClock_Config	200	static
../Core/Src/main.c:659:6:MPU_Config	24	static
../Core/Src/main.c:693:6:HAL_TIM_PeriodElapsedCallback	16	static
../Core/Src/main.c:709:6:Error_Handler	4	static,ignoring_inline_asm
