../Core/Src/w25q/w25qxx_qspi.c:16:9:w25qxx_Init	8	static
../Core/Src/w25q/w25qxx_qspi.c:30:10:w25qxx_GetID	40	static
../Core/Src/w25q/w25qxx_qspi.c:50:9:w25qxx_ReadSR	48	static
../Core/Src/w25q/w25qxx_qspi.c:65:9:w25qxx_WriteSR	40	static
../Core/Src/w25q/w25qxx_qspi.c:75:9:w25qxx_ReadAllStatusReg	8	static
../Core/Src/w25q/w25qxx_qspi.c:84:6:W25QXX_Wait_Busy	8	static
../Core/Src/w25q/w25qxx_qspi.c:90:9:w25qxx_SetReadParameters	48	static
../Core/Src/w25q/w25qxx_qspi.c:102:9:w25qxx_EnterQPI	8	static
../Core/Src/w25q/w25qxx_qspi.c:118:9:w25qxx_Startup	16	static
../Core/Src/w25q/w25qxx_qspi.c:128:9:W25qxx_WriteEnable	8	static
../Core/Src/w25q/w25qxx_qspi.c:137:9:W25qxx_EraseSector	48	static
../Core/Src/w25q/w25qxx_qspi.c:161:9:W25qxx_EraseBlock	48	static
../Core/Src/w25q/w25qxx_qspi.c:185:9:W25qxx_EraseChip	40	static
../Core/Src/w25q/w25qxx_qspi.c:211:9:W25qxx_PageProgram	56	static
../Core/Src/w25q/w25qxx_qspi.c:233:9:W25qxx_Read	88	static
../Core/Src/w25q/w25qxx_qspi.c:279:6:W25qxx_WriteNoCheck	32	static
../Core/Src/w25q/w25qxx_qspi.c:309:6:W25qxx_Write	4136	static
../Core/Src/w25q/w25qxx_qspi.c:368:17:QSPI_EnableMemoryMappedMode	80	static
../Core/Src/w25q/w25qxx_qspi.c:427:17:QSPI_ResetDevice	72	static
../Core/Src/w25q/w25qxx_qspi.c:474:16:QSPI_Send_CMD	80	static
../Core/Src/w25q/w25qxx_qspi.c:509:17:QSPI_EnterFourBytesAddress	72	static
../Core/Src/w25q/w25qxx_qspi.c:550:17:QSPI_WriteEnable	96	static
../Core/Src/w25q/w25qxx_qspi.c:604:17:QSPI_AutoPollingMemReady	96	static
../Core/Src/w25q/w25qxx_qspi.c:647:16:QSPI_EnterQPI	48	static
