../Core/Src/userDef/Hardwares.c:18:6:setRTC	40	static
../Core/Src/userDef/Hardwares.c:22:6:set_time	48	static
../Core/Src/userDef/Hardwares.c:58:6:enableIMU	8	static
../Core/Src/userDef/Hardwares.c:72:6:enableBaro	8	static
../Core/Src/userDef/Hardwares.c:98:6:enableGPS	8	static
../Core/Src/userDef/Hardwares.c:108:6:enableUV	16	static
../Core/Src/userDef/Hardwares.c:132:6:enableFlash	8	static
../Core/Src/userDef/Hardwares.c:143:6:EraseFlash	32	static
../Core/Src/userDef/Hardwares.c:155:6:saveFlightState	4	static
../Core/Src/userDef/Hardwares.c:162:6:getFlightState	4	static
../Core/Src/userDef/Hardwares.c:172:6:getPacketNum	24	static
../Core/Src/userDef/Hardwares.c:182:6:savePacketNum	24	static
../Core/Src/userDef/Hardwares.c:190:6:enableLCD	8	static
../Core/Src/userDef/Hardwares.c:203:6:enableSD	24	static
../Core/Src/userDef/Hardwares.c:224:6:enableTelemetry	24	static
../Core/Src/userDef/Hardwares.c:231:6:getBatVolt	24	static
../Core/Src/userDef/Hardwares.c:250:6:getUVSensor	16	static
../Core/Src/userDef/Hardwares.c:264:7:mapfloat	32	static
../Core/Src/userDef/Hardwares.c:268:6:vbat_ADC_Calibrate	16	static
../Core/Src/userDef/Hardwares.c:312:6:motorTahrik	16	static
../Core/Src/userDef/Hardwares.c:317:6:servoTahrik	16	static
../Core/Src/userDef/Hardwares.c:328:6:ESCcalibration	8	static
